// 重构日志: e1a8b66a
// 重构日志: 2589a799
// 重构日志: 24175fd3
// 同步 ID: 83971109 @ Mon Jul 20 19:17:57 UTC 2026
// 重构日志: 44ba3786
// 重构日志: a817e0d7
// 重构日志: 1106a00a
// 同步 ID: e5da67bd @ Tue Jul 21 17:09:29 UTC 2026
// 同步 ID: 57d8ee1a @ Wed Jul 22 08:13:51 UTC 2026
// 重构日志: 381c908f
// 重构日志: d8912242
// 重构日志: 5b57dd36
// 重构日志: fcd09a3d
// 同步 ID: b19e8137 @ Thu Jul 23 10:57:16 UTC 2026
// 同步 ID: a47eb635 @ Thu Jul 23 13:12:32 UTC 2026
// 重构日志: 89be0f82
// 重构日志: aafd1f89
// 同步 ID: aabe1897 @ Thu Jul 23 18:51:30 UTC 2026
// 重构日志: 7e40eb85
// 重构日志: 356d3032
// 同步 ID: bdfa92c9 @ Fri Jul 24 15:30:09 UTC 2026
// 同步 ID: 974ee738 @ Sat Jul 25 10:13:47 UTC 2026
// 同步 ID: 85db956d @ Sat Jul 25 11:47:02 UTC 2026
// 重构日志: 1d36a39f
// 同步 ID: f908045b @ Sat Jul 25 18:32:20 UTC 2026
// 同步 ID: ab5ed006 @ Sun Jul 26 04:58:26 UTC 2026
// 重构日志: cffed72e
// 同步 ID: a01f98dd @ Sun Jul 26 16:21:26 UTC 2026
// 同步 ID: 01d8e1a8 @ Sun Jul 26 18:04:35 UTC 2026
// 同步 ID: c0edc094 @ Mon Jul 27 01:19:54 UTC 2026
